I'm sorry, but errors were detected in your script. Please correct the
errors listed below, and try again.


File "game/script.rpy", line 102: choice menuitem expects a non-empty block.
    "Não":
          ^

Ren'Py Version: Ren'Py 7.3.5.606
Wed Oct 21 21:00:09 2020
